\BOOKMARK [0][-]{chapter*.2}{\376\377\000M\0004\000:\000\040\000C\000o\000r\000e\000-\000L\000o\000c\000a\000l\000\040\000M\000e\000s\000s\000a\000g\000e\000\040\000P\000a\000s\000s\000i\000n\000g\000\040\000\050\000L\000M\000P\000\051}{}% 1
\BOOKMARK [1][-]{section*.3}{\376\377\000A\000r\000c\000h\000i\000t\000e\000c\000t\000u\000r\000e\000\040\000O\000v\000e\000r\000v\000i\000e\000w}{chapter*.2}% 2
\BOOKMARK [2][-]{subsection*.4}{\376\377\000C\000l\000i\000e\000n\000t\000-\000S\000i\000d\000e}{section*.3}% 3
\BOOKMARK [2][-]{subsection*.8}{\376\377\000S\000e\000r\000v\000e\000r\000-\000S\000i\000d\000e}{section*.3}% 4
\BOOKMARK [2][-]{subsection*.12}{\376\377\000S\000h\000a\000r\000e\000d\000\040\000M\000e\000m\000o\000r\000y\000\040\000f\000o\000r\000\040\000L\000a\000r\000g\000e\000\040\000M\000e\000s\000s\000a\000g\000e\000s}{section*.3}% 5
\BOOKMARK [1][-]{section*.13}{\376\377\000O\000p\000t\000i\000m\000i\000z\000a\000t\000i\000o\000n\000s\000\040\000a\000n\000d\000\040\000P\000e\000r\000f\000o\000r\000m\000a\000n\000c\000e\000\040\000E\000v\000a\000l\000u\000a\000t\000i\000o\000n}{chapter*.2}% 6
\BOOKMARK [2][-]{subsection*.14}{\376\377\000P\000e\000r\000f\000o\000r\000m\000a\000n\000c\000e\000\040\000G\000o\000a\000l\000s\000\040\000a\000n\000d\000\040\000O\000p\000t\000i\000m\000i\000z\000a\000t\000i\000o\000n\000s}{section*.13}% 7
\BOOKMARK [2][-]{subsection*.17}{\376\377\000P\000e\000r\000f\000o\000r\000m\000a\000n\000c\000e\000\040\000E\000v\000a\000l\000u\000a\000t\000i\000o\000n}{section*.13}% 8
\BOOKMARK [1][-]{section*.20}{\376\377\000D\000e\000v\000e\000l\000o\000p\000m\000e\000n\000t\000\040\000P\000r\000o\000c\000e\000s\000s}{chapter*.2}% 9
\BOOKMARK [0][-]{chapter*.21}{\376\377\000M\0006\000:\000\040\000U\000s\000e\000r\000-\000L\000e\000v\000e\000l\000\040\000M\000e\000s\000s\000a\000g\000e\000\040\000P\000a\000s\000s\000i\000n\000g\000\040\000\050\000U\000M\000P\000\051}{}% 10
\BOOKMARK [1][-]{section*.22}{\376\377\000A\000r\000c\000h\000i\000t\000e\000c\000t\000u\000r\000e\000\040\000O\000v\000e\000r\000v\000i\000e\000w}{chapter*.21}% 11
\BOOKMARK [2][-]{subsection*.23}{\376\377\000R\000e\000q\000u\000e\000s\000t\000o\000r}{section*.22}% 12
\BOOKMARK [2][-]{subsection*.24}{\376\377\000R\000e\000c\000e\000i\000v\000e\000r}{section*.22}% 13
\BOOKMARK [1][-]{section*.25}{\376\377\000E\000x\000t\000e\000n\000s\000i\000o\000n\000\040\000F\000o\000r\000\040\000S\000h\000e\000l\000l}{chapter*.21}% 14
\BOOKMARK [2][-]{subsection*.26}{\376\377\000A\000P\000I\000\040\000E\000x\000t\000e\000n\000s\000i\000o\000n}{section*.25}% 15
\BOOKMARK [2][-]{subsection*.27}{\376\377\000O\000p\000t\000i\000m\000i\000z\000e\000d\000\040\000\050\000I\000m\000p\000l\000e\000m\000e\000n\000t\000e\000d\000\051\000\040\000D\000e\000s\000i\000g\000n}{section*.25}% 16
\BOOKMARK [2][-]{subsection*.28}{\376\377\000A\000l\000t\000e\000r\000n\000a\000t\000i\000v\000e\000\040\000\050\000N\000a\000i\000v\000e\000\051\000\040\000D\000e\000s\000i\000g\000n}{section*.25}% 17
\BOOKMARK [1][-]{section*.29}{\376\377\000P\000e\000r\000f\000o\000r\000m\000a\000n\000c\000e\000\040\000E\000v\000a\000l\000u\000a\000t\000i\000o\000n}{chapter*.21}% 18
\BOOKMARK [2][-]{subsection*.30}{\376\377\000M\000i\000c\000r\000o\000b\000e\000n\000c\000h\000m\000a\000r\000k\000s}{section*.29}% 19
\BOOKMARK [2][-]{subsection*.31}{\376\377\000R\000e\000s\000u\000l\000t\000s}{section*.29}% 20
\BOOKMARK [1][-]{section*.32}{\376\377\000D\000e\000v\000e\000l\000o\000p\000m\000e\000n\000t\000\040\000P\000r\000o\000c\000e\000s\000s}{chapter*.21}% 21
