This is pdfTeX, Version 3.141592653-2.6-1.40.29 (TeX Live 2026) (preloaded format=pdflatex 2026.3.22)  9 JUN 2026 03:39
entering extended mode
 restricted \write18 enabled.
 file:line:error style messages enabled.
 %&-line parsing enabled.
**/Users/shanenelson/Classes/481a/CSE481A_labreport/main.tex
(/Users/shanenelson/Classes/481a/CSE481A_labreport/main.tex
LaTeX2e <2025-11-01>
L3 programming layer <2026-01-19>
(/usr/local/texlive/2026/texmf-dist/tex/latex/base/report.cls
Document Class: report 2025/01/22 v1.4n Standard LaTeX document class
(/usr/local/texlive/2026/texmf-dist/tex/latex/base/size10.clo
File: size10.clo 2025/01/22 v1.4n Standard LaTeX file (size option)
)
\c@part=\count275
\c@chapter=\count276
\c@section=\count277
\c@subsection=\count278
\c@subsubsection=\count279
\c@paragraph=\count280
\c@subparagraph=\count281
\c@figure=\count282
\c@table=\count283
\abovecaptionskip=\skip49
\belowcaptionskip=\skip50
\bibindent=\dimen148
) (/usr/local/texlive/2026/texmf-dist/tex/latex/base/inputenc.sty
Package: inputenc 2024/02/08 v1.3d Input encoding file
\inpenc@prehook=\toks17
\inpenc@posthook=\toks18
) (/usr/local/texlive/2026/texmf-dist/tex/latex/base/fontenc.sty
Package: fontenc 2025/07/18 v2.1d Standard LaTeX package
) (/usr/local/texlive/2026/texmf-dist/tex/latex/amsmath/amsmath.sty
Package: amsmath 2025/07/09 v2.17z AMS math features
\@mathmargin=\skip51

For additional information on amsmath, use the `?' option.
(/usr/local/texlive/2026/texmf-dist/tex/latex/amsmath/amstext.sty
Package: amstext 2024/11/17 v2.01 AMS text
 (/usr/local/texlive/2026/texmf-dist/tex/latex/amsmath/amsgen.sty
File: amsgen.sty 1999/11/30 v2.0 generic functions
\@emptytoks=\toks19
\ex@=\dimen149
)) (/usr/local/texlive/2026/texmf-dist/tex/latex/amsmath/amsbsy.sty
Package: amsbsy 1999/11/29 v1.2d Bold Symbols
\pmbraise@=\dimen150
) (/usr/local/texlive/2026/texmf-dist/tex/latex/amsmath/amsopn.sty
Package: amsopn 2022/04/08 v2.04 operator names
)
\inf@bad=\count284
LaTeX Info: Redefining \frac on input line 233.
\uproot@=\count285
\leftroot@=\count286
LaTeX Info: Redefining \overline on input line 398.
LaTeX Info: Redefining \colon on input line 409.
\classnum@=\count287
\DOTSCASE@=\count288
LaTeX Info: Redefining \ldots on input line 495.
LaTeX Info: Redefining \dots on input line 498.
LaTeX Info: Redefining \cdots on input line 619.
\Mathstrutbox@=\box53
\strutbox@=\box54
LaTeX Info: Redefining \big on input line 721.
LaTeX Info: Redefining \Big on input line 722.
LaTeX Info: Redefining \bigg on input line 723.
LaTeX Info: Redefining \Bigg on input line 724.
\big@size=\dimen151
LaTeX Font Info:    Redeclaring font encoding OML on input line 742.
LaTeX Font Info:    Redeclaring font encoding OMS on input line 743.
\macc@depth=\count289
LaTeX Info: Redefining \bmod on input line 904.
LaTeX Info: Redefining \pmod on input line 909.
LaTeX Info: Redefining \smash on input line 939.
LaTeX Info: Redefining \relbar on input line 969.
LaTeX Info: Redefining \Relbar on input line 970.
\c@MaxMatrixCols=\count290
\dotsspace@=\muskip17
\c@parentequation=\count291
\dspbrk@lvl=\count292
\tag@help=\toks20
\row@=\count293
\column@=\count294
\maxfields@=\count295
\andhelp@=\toks21
\eqnshift@=\dimen152
\alignsep@=\dimen153
\tagshift@=\dimen154
\tagwidth@=\dimen155
\totwidth@=\dimen156
\lineht@=\dimen157
\@envbody=\toks22
\multlinegap=\skip52
\multlinetaggap=\skip53
\mathdisplay@stack=\toks23
LaTeX Info: Redefining \[ on input line 2950.
LaTeX Info: Redefining \] on input line 2951.
) (/usr/local/texlive/2026/texmf-dist/tex/latex/amsfonts/amsfonts.sty
Package: amsfonts 2013/01/14 v3.01 Basic AMSFonts support
\symAMSa=\mathgroup4
\symAMSb=\mathgroup5
LaTeX Font Info:    Redeclaring math symbol \hbar on input line 98.
LaTeX Font Info:    Overwriting math alphabet `\mathfrak' in version `bold'
(Font)                  U/euf/m/n --> U/euf/b/n on input line 106.
) (/usr/local/texlive/2026/texmf-dist/tex/latex/amsfonts/amssymb.sty
Package: amssymb 2013/01/14 v3.01 AMS font symbols
) (/usr/local/texlive/2026/texmf-dist/tex/latex/graphics/graphicx.sty
Package: graphicx 2024/12/31 v1.2e Enhanced LaTeX Graphics (DPC,SPQR)
 (/usr/local/texlive/2026/texmf-dist/tex/latex/graphics/keyval.sty
Package: keyval 2022/05/29 v1.15 key=value parser (DPC)
\KV@toks@=\toks24
) (/usr/local/texlive/2026/texmf-dist/tex/latex/graphics/graphics.sty
Package: graphics 2024/08/06 v1.4g Standard LaTeX Graphics (DPC,SPQR)
 (/usr/local/texlive/2026/texmf-dist/tex/latex/graphics/trig.sty
Package: trig 2023/12/02 v1.11 sin cos tan (DPC)
) (/usr/local/texlive/2026/texmf-dist/tex/latex/graphics-cfg/graphics.cfg
File: graphics.cfg 2016/06/04 v1.11 sample graphics configuration
)
Package graphics Info: Driver file: pdftex.def on input line 106.
 (/usr/local/texlive/2026/texmf-dist/tex/latex/graphics-def/pdftex.def
File: pdftex.def 2025/09/29 v1.2d Graphics/color driver for pdftex
))
\Gin@req@height=\dimen158
\Gin@req@width=\dimen159
) (/usr/local/texlive/2026/texmf-dist/tex/latex/microtype/microtype.sty
Package: microtype 2026/03/01 v3.2d Micro-typographical refinements (RS)
 (/usr/local/texlive/2026/texmf-dist/tex/latex/etoolbox/etoolbox.sty
Package: etoolbox 2025/10/02 v2.5m e-TeX tools for LaTeX (JAW)
\etb@tempcnta=\count296
)
\MT@toks=\toks25
\MT@tempbox=\box55
\MT@count=\count297
LaTeX Info: Redefining \noprotrusionifhmode on input line 1084.
LaTeX Info: Redefining \leftprotrusion on input line 1085.
\MT@prot@toks=\toks26
LaTeX Info: Redefining \rightprotrusion on input line 1104.
LaTeX Info: Redefining \textls on input line 1449.
\MT@outer@kern=\dimen160
LaTeX Info: Redefining \microtypecontext on input line 2053.
LaTeX Info: Redefining \textmicrotypecontext on input line 2070.
\MT@listname@count=\count298
 (/usr/local/texlive/2026/texmf-dist/tex/latex/microtype/microtype-pdftex.def
File: microtype-pdftex.def 2026/03/01 v3.2d Definitions specific to pdftex (RS)
LaTeX Info: Redefining \lsstyle on input line 944.
LaTeX Info: Redefining \lslig on input line 944.
\MT@outer@space=\skip54
)
Package microtype Info: Loading configuration file microtype.cfg.
 (/usr/local/texlive/2026/texmf-dist/tex/latex/microtype/microtype.cfg
File: microtype.cfg 2026/03/01 v3.2d microtype main configuration file (RS)
)
LaTeX Info: Redefining \microtypesetup on input line 3065.
) (/usr/local/texlive/2026/texmf-dist/tex/latex/geometry/geometry.sty
Package: geometry 2026/03/07 v6.0 Page Geometry
 (/usr/local/texlive/2026/texmf-dist/tex/generic/iftex/ifvtex.sty
Package: ifvtex 2019/10/25 v1.7 ifvtex legacy package. Use iftex instead.
 (/usr/local/texlive/2026/texmf-dist/tex/generic/iftex/iftex.sty
Package: iftex 2024/12/12 v1.0g TeX engine tests
))
\Gm@cnth=\count299
\Gm@cntv=\count300
\c@Gm@tempcnt=\count301
\Gm@bindingoffset=\dimen161
\Gm@wd@mp=\dimen162
\Gm@odd@mp=\dimen163
\Gm@even@mp=\dimen164
\Gm@layoutwidth=\dimen165
\Gm@layoutheight=\dimen166
\Gm@layouthoffset=\dimen167
\Gm@layoutvoffset=\dimen168
\Gm@dimlist=\toks27
) (/usr/local/texlive/2026/texmf-dist/tex/latex/titlesec/titlesec.sty
Package: titlesec 2025/01/04 v2.17 Sectioning titles
\ttl@box=\box56
\beforetitleunit=\skip55
\aftertitleunit=\skip56
\ttl@plus=\dimen169
\ttl@minus=\dimen170
\ttl@toksa=\toks28
\titlewidth=\dimen171
\titlewidthlast=\dimen172
\titlewidthfirst=\dimen173
) (/usr/local/texlive/2026/texmf-dist/tex/latex/float/float.sty
Package: float 2001/11/08 v1.3d Float enhancements (AL)
\c@float@type=\count302
\float@exts=\toks29
\float@box=\box57
\@float@everytoks=\toks30
\@floatcapt=\box58
) (/usr/local/texlive/2026/texmf-dist/tex/latex/enumitem/enumitem.sty
Package: enumitem 2025/02/06 v3.11 Customized lists
\labelindent=\skip57
\enit@outerparindent=\dimen174
\enit@toks=\toks31
\enit@inbox=\box59
\enit@count@id=\count303
\enitdp@description=\count304
) (/usr/local/texlive/2026/texmf-dist/tex/latex/hyperref/hyperref.sty
Package: hyperref 2026-01-29 v7.01p Hypertext links for LaTeX
 (/usr/local/texlive/2026/texmf-dist/tex/latex/kvsetkeys/kvsetkeys.sty
Package: kvsetkeys 2022-10-05 v1.19 Key value parser (HO)
) (/usr/local/texlive/2026/texmf-dist/tex/generic/kvdefinekeys/kvdefinekeys.sty
Package: kvdefinekeys 2019-12-19 v1.6 Define keys (HO)
) (/usr/local/texlive/2026/texmf-dist/tex/generic/pdfescape/pdfescape.sty
Package: pdfescape 2019/12/09 v1.15 Implements pdfTeX's escape features (HO)
 (/usr/local/texlive/2026/texmf-dist/tex/generic/ltxcmds/ltxcmds.sty
Package: ltxcmds 2023-12-04 v1.26 LaTeX kernel commands for general use (HO)
) (/usr/local/texlive/2026/texmf-dist/tex/generic/pdftexcmds/pdftexcmds.sty
Package: pdftexcmds 2020-06-27 v0.33 Utility functions of pdfTeX for LuaTeX (HO)
 (/usr/local/texlive/2026/texmf-dist/tex/generic/infwarerr/infwarerr.sty
Package: infwarerr 2019/12/03 v1.5 Providing info/warning/error messages (HO)
)
Package pdftexcmds Info: \pdf@primitive is available.
Package pdftexcmds Info: \pdf@ifprimitive is available.
Package pdftexcmds Info: \pdfdraftmode found.
)) (/usr/local/texlive/2026/texmf-dist/tex/latex/hycolor/hycolor.sty
Package: hycolor 2020-01-27 v1.10 Color options for hyperref/bookmark (HO)
) (/usr/local/texlive/2026/texmf-dist/tex/latex/hyperref/nameref.sty
Package: nameref 2026-01-29 v2.58 Cross-referencing by name of section
 (/usr/local/texlive/2026/texmf-dist/tex/latex/refcount/refcount.sty
Package: refcount 2019/12/15 v3.6 Data extraction from label references (HO)
) (/usr/local/texlive/2026/texmf-dist/tex/generic/gettitlestring/gettitlestring.sty
Package: gettitlestring 2019/12/15 v1.6 Cleanup title references (HO)
 (/usr/local/texlive/2026/texmf-dist/tex/latex/kvoptions/kvoptions.sty
Package: kvoptions 2022-06-15 v3.15 Key value format for package options (HO)
))
\c@section@level=\count305
) (/usr/local/texlive/2026/texmf-dist/tex/generic/stringenc/stringenc.sty
Package: stringenc 2019/11/29 v1.12 Convert strings between diff. encodings (HO)
)
\@linkdim=\dimen175
\Hy@linkcounter=\count306
\Hy@pagecounter=\count307
 (/usr/local/texlive/2026/texmf-dist/tex/latex/hyperref/pd1enc.def
File: pd1enc.def 2026-01-29 v7.01p Hyperref: PDFDocEncoding definition (HO)
Now handling font encoding PD1 ...
... no UTF-8 mapping file for font encoding PD1
) (/usr/local/texlive/2026/texmf-dist/tex/generic/intcalc/intcalc.sty
Package: intcalc 2019/12/15 v1.3 Expandable calculations with integers (HO)
)
\Hy@SavedSpaceFactor=\count308
 (/usr/local/texlive/2026/texmf-dist/tex/latex/hyperref/puenc.def
File: puenc.def 2026-01-29 v7.01p Hyperref: PDF Unicode definition (HO)
Now handling font encoding PU ...
... no UTF-8 mapping file for font encoding PU
)
Package hyperref Info: Option `colorlinks' set `true' on input line 4072.
Package hyperref Info: Hyper figures OFF on input line 4201.
Package hyperref Info: Link nesting OFF on input line 4206.
Package hyperref Info: Hyper index ON on input line 4209.
Package hyperref Info: Plain pages OFF on input line 4216.
Package hyperref Info: Backreferencing OFF on input line 4221.
Package hyperref Info: Implicit mode ON; LaTeX internals redefined.
Package hyperref Info: Bookmarks ON on input line 4468.
\c@Hy@tempcnt=\count309
 (/usr/local/texlive/2026/texmf-dist/tex/latex/url/url.sty
\Urlmuskip=\muskip18
Package: url 2013/09/16  ver 3.4  Verb mode for urls, etc.
)
LaTeX Info: Redefining \url on input line 4807.
\XeTeXLinkMargin=\dimen176
 (/usr/local/texlive/2026/texmf-dist/tex/generic/bitset/bitset.sty
Package: bitset 2019/12/09 v1.3 Handle bit-vector datatype (HO)
 (/usr/local/texlive/2026/texmf-dist/tex/generic/bigintcalc/bigintcalc.sty
Package: bigintcalc 2019/12/15 v1.5 Expandable calculations on big integers (HO)
))
\Fld@menulength=\count310
\Field@Width=\dimen177
\Fld@charsize=\dimen178
Package hyperref Info: Hyper figures OFF on input line 6084.
Package hyperref Info: Link nesting OFF on input line 6089.
Package hyperref Info: Hyper index ON on input line 6092.
Package hyperref Info: backreferencing OFF on input line 6099.
Package hyperref Info: Link coloring ON on input line 6102.
Package hyperref Info: Link coloring with OCG OFF on input line 6109.
Package hyperref Info: PDF/A mode OFF on input line 6114.
\Hy@abspage=\count311
\c@Item=\count312
\c@Hfootnote=\count313
)
Package hyperref Info: Driver (autodetected): hpdftex.
 (/usr/local/texlive/2026/texmf-dist/tex/latex/hyperref/hpdftex.def
File: hpdftex.def 2026-01-29 v7.01p Hyperref driver for pdfTeX
\Fld@listcount=\count314
\c@bookmark@seq@number=\count315
 (/usr/local/texlive/2026/texmf-dist/tex/latex/rerunfilecheck/rerunfilecheck.sty
Package: rerunfilecheck 2025-06-21 v1.11 Rerun checks for auxiliary files (HO)
 (/usr/local/texlive/2026/texmf-dist/tex/generic/uniquecounter/uniquecounter.sty
Package: uniquecounter 2019/12/15 v1.4 Provide unlimited unique counter (HO)
)
Package uniquecounter Info: New unique counter `rerunfilecheck' on input line 284.
)
\Hy@SectionHShift=\skip58
) (/usr/local/texlive/2026/texmf-dist/tex/latex/xcolor/xcolor.sty
Package: xcolor 2024/09/29 v3.02 LaTeX color extensions (UK)
 (/usr/local/texlive/2026/texmf-dist/tex/latex/graphics-cfg/color.cfg
File: color.cfg 2016/01/02 v1.6 sample color configuration
)
Package xcolor Info: Driver file: pdftex.def on input line 274.
 (/usr/local/texlive/2026/texmf-dist/tex/latex/graphics/mathcolor.ltx)
Package xcolor Info: Model `cmy' substituted by `cmy0' on input line 1349.
Package xcolor Info: Model `hsb' substituted by `rgb' on input line 1353.
Package xcolor Info: Model `RGB' extended on input line 1365.
Package xcolor Info: Model `HTML' substituted by `rgb' on input line 1367.
Package xcolor Info: Model `Hsb' substituted by `hsb' on input line 1368.
Package xcolor Info: Model `tHsb' substituted by `hsb' on input line 1369.
Package xcolor Info: Model `HSB' substituted by `hsb' on input line 1370.
Package xcolor Info: Model `Gray' substituted by `gray' on input line 1371.
Package xcolor Info: Model `wave' substituted by `hsb' on input line 1372.
) (/usr/local/texlive/2026/texmf-dist/tex/latex/listings/listings.sty
\lst@mode=\count316
\lst@gtempboxa=\box60
\lst@token=\toks32
\lst@length=\count317
\lst@currlwidth=\dimen179
\lst@column=\count318
\lst@pos=\count319
\lst@lostspace=\dimen180
\lst@width=\dimen181
\lst@newlines=\count320
\lst@lineno=\count321
\lst@maxwidth=\dimen182
 (/usr/local/texlive/2026/texmf-dist/tex/latex/listings/lstpatch.sty
File: lstpatch.sty 2025/11/14 1.11b (Carsten Heinz)
) (/usr/local/texlive/2026/texmf-dist/tex/latex/listings/lstmisc.sty
File: lstmisc.sty 2025/11/14 1.11b (Carsten Heinz)
\c@lstnumber=\count322
\lst@skipnumbers=\count323
\lst@framebox=\box61
) (/usr/local/texlive/2026/texmf-dist/tex/latex/listings/listings.cfg
File: listings.cfg 2025/11/14 1.11b listings configuration
))
Package: listings 2025/11/14 1.11b (Carsten Heinz)

==> First Aid for listings.sty no longer applied!
    Expected:
        2024/09/23 1.10c (Carsten Heinz)
    but found:
        2025/11/14 1.11b (Carsten Heinz)
    so I'm assuming it got fixed.
(/usr/local/texlive/2026/texmf-dist/tex/latex/listings/lstlang1.sty
File: lstlang1.sty 2025/11/14 1.11b listings language file
) (/usr/local/texlive/2026/texmf-dist/tex/latex/listings/lstmisc.sty
File: lstmisc.sty 2025/11/14 1.11b (Carsten Heinz)
) (/usr/local/texlive/2026/texmf-dist/tex/latex/l3backend/l3backend-pdftex.def
File: l3backend-pdftex.def 2025-10-09 L3 backend support: PDF output (pdfTeX)
\l__color_backend_stack_int=\count324
) (./main.aux)
\openout1 = `main.aux'.

LaTeX Font Info:    Checking defaults for OML/cmm/m/it on input line 53.
LaTeX Font Info:    ... okay on input line 53.
LaTeX Font Info:    Checking defaults for OMS/cmsy/m/n on input line 53.
LaTeX Font Info:    ... okay on input line 53.
LaTeX Font Info:    Checking defaults for OT1/cmr/m/n on input line 53.
LaTeX Font Info:    ... okay on input line 53.
LaTeX Font Info:    Checking defaults for T1/cmr/m/n on input line 53.
LaTeX Font Info:    ... okay on input line 53.
LaTeX Font Info:    Checking defaults for TS1/cmr/m/n on input line 53.
LaTeX Font Info:    ... okay on input line 53.
LaTeX Font Info:    Checking defaults for OMX/cmex/m/n on input line 53.
LaTeX Font Info:    ... okay on input line 53.
LaTeX Font Info:    Checking defaults for U/cmr/m/n on input line 53.
LaTeX Font Info:    ... okay on input line 53.
LaTeX Font Info:    Checking defaults for PD1/pdf/m/n on input line 53.
LaTeX Font Info:    ... okay on input line 53.
LaTeX Font Info:    Checking defaults for PU/pdf/m/n on input line 53.
LaTeX Font Info:    ... okay on input line 53.
 (/usr/local/texlive/2026/texmf-dist/tex/context/base/mkii/supp-pdf.mkii
[Loading MPS to PDF converter (version 2006.09.02).]
\scratchcounter=\count325
\scratchdimen=\dimen183
\scratchbox=\box62
\nofMPsegments=\count326
\nofMParguments=\count327
\everyMPshowfont=\toks33
\MPscratchCnt=\count328
\MPscratchDim=\dimen184
\MPnumerator=\count329
\makeMPintoPDFobject=\count330
\everyMPtoPDFconversion=\toks34
) (/usr/local/texlive/2026/texmf-dist/tex/latex/epstopdf-pkg/epstopdf-base.sty
Package: epstopdf-base 2020-01-24 v2.11 Base part for package epstopdf
Package epstopdf-base Info: Redefining graphics rule for `.eps' on input line 485.
 (/usr/local/texlive/2026/texmf-dist/tex/latex/latexconfig/epstopdf-sys.cfg
File: epstopdf-sys.cfg 2010/07/13 v1.3 Configuration of (r)epstopdf for TeX Live
))
LaTeX Info: Redefining \microtypecontext on input line 53.
Package microtype Info: Applying patch `item' on input line 53.
Package microtype Info: Applying patch `toc' on input line 53.
Package microtype Info: Applying patch `eqnum' on input line 53.
Package microtype Info: Applying patch `footnote' on input line 53.
Package microtype Info: Applying patch `verbatim' on input line 53.
LaTeX Info: Redefining \microtypesetup on input line 53.
Package microtype Info: Generating PDF output.
Package microtype Info: Character protrusion enabled (level 2).
Package microtype Info: Using default protrusion set `alltext'.
Package microtype Info: Automatic font expansion enabled (level 2),
(microtype)             stretch: 20, shrink: 20, step: 1, non-selected.
Package microtype Info: Using default expansion set `alltext-nott'.
Package microtype Info: Patching command `\showhyphens'.
Package microtype Info: No adjustment of tracking.
Package microtype Info: No adjustment of interword spacing.
Package microtype Info: No adjustment of character kerning.
 (/usr/local/texlive/2026/texmf-dist/tex/latex/microtype/mt-cmr.cfg
File: mt-cmr.cfg 2013/05/19 v2.2 microtype config. file: Computer Modern Roman (RS)
)
*geometry* driver: auto-detecting
*geometry* detected driver: pdftex
*geometry* verbose mode - [ preamble ] result:
* driver: pdftex
* paper: a4paper
* layout: <same size as paper>
* layoutoffset:(h,v)=(0.0pt,0.0pt)
* modes: 
* h-part:(L,W,R)=(86.72377pt, 424.06033pt, 86.72377pt)
* v-part:(T,H,B)=(86.72377pt, 671.5993pt, 86.72377pt)
* \paperwidth=597.50787pt
* \paperheight=845.04684pt
* \textwidth=424.06033pt
* \textheight=671.5993pt
* \oddsidemargin=14.45378pt
* \evensidemargin=14.45378pt
* \topmargin=-22.54622pt
* \headheight=12.0pt
* \headsep=25.0pt
* \topskip=10.0pt
* \footskip=30.0pt
* \marginparwidth=57.0pt
* \marginparsep=11.0pt
* \columnsep=10.0pt
* \skip\footins=9.0pt plus 4.0pt minus 2.0pt
* \hoffset=0.0pt
* \voffset=0.0pt
* \mag=1000
* \@twocolumnfalse
* \@twosidefalse
* \@mparswitchfalse
* \@reversemarginfalse
* (1in=72.27pt=25.4mm, 1cm=28.453pt)

Package hyperref Info: Link coloring ON on input line 53.
(./main.out) (./main.out)
\@outlinefile=\write3
\openout3 = `main.out'.

\c@lstlisting=\count331
LaTeX Font Info:    Trying to load font information for U+msa on input line 56.
 (/usr/local/texlive/2026/texmf-dist/tex/latex/amsfonts/umsa.fd
File: umsa.fd 2013/01/14 v3.01 AMS symbols A
) (/usr/local/texlive/2026/texmf-dist/tex/latex/microtype/mt-msa.cfg
File: mt-msa.cfg 2006/02/04 v1.1 microtype config. file: AMS symbols (a) (RS)
)
LaTeX Font Info:    Trying to load font information for U+msb on input line 56.
 (/usr/local/texlive/2026/texmf-dist/tex/latex/amsfonts/umsb.fd
File: umsb.fd 2013/01/14 v3.01 AMS symbols B
) (/usr/local/texlive/2026/texmf-dist/tex/latex/microtype/mt-msb.cfg
File: mt-msb.cfg 2005/06/01 v1.0 microtype config. file: AMS symbols (b) (RS)
) [1

{/usr/local/texlive/2026/texmf-var/fonts/map/pdftex/updmap/pdftex.map}{/usr/local/texlive/2026/texmf-dist/fonts/enc/dvips/cm-super/cm-super-t1.enc}] (./main.toc
LaTeX Font Info:    Font shape `T1/cmtt/bx/n' in size <10> not available
(Font)              Font shape `T1/cmtt/m/n' tried instead on input line 7.
Package microtype Info: Loading generic protrusion settings for font family
(microtype)             `cmtt' (encoding: T1).
(microtype)             For optimal results, create family-specific settings.
(microtype)             See the microtype manual for details.

pdfTeX warning (ext4): destination with the same identifier (name{page.1}) has been already used, duplicate ignored
<to be read again> 
                   \relax 
l.44 ...ion}{Development Process}{15}{section*.45}
                                                  % [1

])
\tf@toc=\write4
\openout4 = `main.toc'.

 [2] (./system-architecture.tex
<images/osarch.drawio.png, id=485, 825.0825pt x 563.10374pt>
File: images/osarch.drawio.png Graphic file (type png)
<use images/osarch.drawio.png>
Package pdftex.def Info: images/osarch.drawio.png  used on input line 15.
(pdftex.def)             Requested size: 424.06033pt x 289.4131pt.
 [3

 <./images/osarch.drawio.png>]
LaTeX Font Info:    Font shape `T1/cmtt/bx/n' in size <12> not available
(Font)              Font shape `T1/cmtt/m/n' tried instead on input line 74.
 [4{/usr/local/texlive/2026/texmf-dist/fonts/enc/dvips/cm-super/cm-super-ts1.enc}] [5]) [6] (./memory-allocation.tex
Underfull \hbox (badness 10000) in paragraph at lines 1--7

 []


Overfull \hbox (8.63899pt too wide) in paragraph at lines 10--17
\T1/cmr/m/n/10 (-20) do-main owns the only mm in-stance, []\T1/cmtt/m/n/10 aos_mm[]\T1/cmr/m/n/10 (-20) , de-fined as a file-static vari-able in []\T1/cmtt/m/n/10 usr/init/mem_alloc.c[]\T1/cmr/m/n/10 (-20) .
 []


Overfull \hbox (23.02104pt too wide) in paragraph at lines 49--52
\T1/cmr/m/n/10 (-20) The align-ment value the client passes in []\T1/cmtt/m/n/10 aos_rpc_get_ram_cap[] \T1/cmr/m/n/10 (-20) goes through to []\T1/cmtt/m/n/10 aos_ram_alloc_aligned[]
 []

[7

]
Overfull \hbox (17.20712pt too wide) in paragraph at lines 62--72
[]\T1/cmtt/m/n/10 ram_alloc_set(NULL)[]\T1/cmr/m/n/10 (-20) . This clears the lo-cal al-lo-ca-tor func-tion pointer. Af-ter that, []\T1/cmtt/m/n/10 ram_alloc_aligned[]
 []

) [8] (./self-paging.tex
Underfull \hbox (badness 10000) in paragraph at lines 1--6

 []

[9

]
Overfull \hbox (8.15875pt too wide) in paragraph at lines 129--139
[]\T1/cmtt/m/n/10 ensure_vr_slab[]\T1/cmr/m/n/10 (-20) , []\T1/cmtt/m/n/10 ensure_run_slab[]\T1/cmr/m/n/10 (-20) , and []\T1/cmtt/m/n/10 ensure_pt_slab[]\T1/cmr/m/n/10 (-20) . Each calls []\T1/cmtt/m/n/10 slab_refill_no_pagefault[]\T1/cmr/m/n/10 (-20) ,
 []

[10]
<fig/m2_bench.png, id=531, 505.89pt x 289.08pt>
File: fig/m2_bench.png Graphic file (type png)
<use fig/m2_bench.png>
Package pdftex.def Info: fig/m2_bench.png  used on input line 183.
(pdftex.def)             Requested size: 360.45386pt x 205.97604pt.


LaTeX Warning: `h' float specifier changed to `ht'.

<fig/m2_vs_appel_li.png, id=533, 1077.33922pt x 425.87679pt>
File: fig/m2_vs_appel_li.png Graphic file (type png)
<use fig/m2_vs_appel_li.png>
Package pdftex.def Info: fig/m2_vs_appel_li.png  used on input line 209.
(pdftex.def)             Requested size: 424.06033pt x 167.63138pt.

LaTeX Warning: `h' float specifier changed to `ht'.

[11]
<fig/m2_lve_sweep.png, id=541, 931.76678pt x 352.57436pt>
File: fig/m2_lve_sweep.png Graphic file (type png)
<use fig/m2_lve_sweep.png>
Package pdftex.def Info: fig/m2_lve_sweep.png  used on input line 238.
(pdftex.def)             Requested size: 424.06033pt x 160.45923pt.


LaTeX Warning: `h' float specifier changed to `ht'.

[12 <./fig/m2_bench.png> <./fig/m2_vs_appel_li.png>]
<fig/m2_hybrid.png, id=551, 569.90057pt x 350.5095pt>
File: fig/m2_hybrid.png Graphic file (type png)
<use fig/m2_hybrid.png>
Package pdftex.def Info: fig/m2_hybrid.png  used on input line 288.
(pdftex.def)             Requested size: 360.45386pt x 221.69928pt.


LaTeX Warning: `h' float specifier changed to `ht'.

<fig/m2_hybrid_mix.png, id=553, 928.6695pt x 352.57436pt>
File: fig/m2_hybrid_mix.png Graphic file (type png)
<use fig/m2_hybrid_mix.png>
Package pdftex.def Info: fig/m2_hybrid_mix.png  used on input line 314.
(pdftex.def)             Requested size: 424.06033pt x 160.99722pt.

LaTeX Warning: `h' float specifier changed to `ht'.

[13 <./fig/m2_lve_sweep.png>]
<fig/m2_mem.png, id=562, 931.76678pt x 352.57436pt>
File: fig/m2_mem.png Graphic file (type png)
<use fig/m2_mem.png>
Package pdftex.def Info: fig/m2_mem.png  used on input line 343.
(pdftex.def)             Requested size: 424.06033pt x 160.45923pt.


LaTeX Warning: `h' float specifier changed to `ht'.

[14 <./fig/m2_hybrid.png>]) [15 <./fig/m2_hybrid_mix.png> <./fig/m2_mem.png>] (./processes.tex [16

]) (./rpc.tex [17]
Underfull \hbox (badness 10000) in paragraph at lines 2--8

 []

<images/finalm4.drawio.png, id=585, 678.535pt x 411.5375pt>
File: images/finalm4.drawio.png Graphic file (type png)
<use images/finalm4.drawio.png>
Package pdftex.def Info: images/finalm4.drawio.png  used on input line 16.
(pdftex.def)             Requested size: 424.06033pt x 257.19147pt.
[18

 <./images/finalm4.drawio.png>] [19] [20]
Underfull \hbox (badness 10000) in paragraph at lines 135--156

 []


Underfull \hbox (badness 10000) in paragraph at lines 135--156

 []

[21]
<images/naive_purple.png, id=633, 867.24pt x 505.89pt>
File: images/naive_purple.png Graphic file (type png)
<use images/naive_purple.png>
Package pdftex.def Info: images/naive_purple.png  used on input line 159.
(pdftex.def)             Requested size: 424.06033pt x 247.37106pt.
<images/perthread_purple.png, id=634, 867.24pt x 505.89pt>
File: images/perthread_purple.png Graphic file (type png)
<use images/perthread_purple.png>
Package pdftex.def Info: images/perthread_purple.png  used on input line 167.
(pdftex.def)             Requested size: 424.06033pt x 247.37106pt.
<images/waiting.png, id=635, 722.7pt x 433.62pt>
File: images/waiting.png Graphic file (type png)
<use images/waiting.png>
Package pdftex.def Info: images/waiting.png  used on input line 177.
(pdftex.def)             Requested size: 424.06033pt x 254.4375pt.
 [22 <./images/naive_purple.png> <./images/perthread_purple.png>]
Underfull \hbox (badness 10000) in paragraph at lines 185--202

 []


Underfull \hbox (badness 10000) in paragraph at lines 185--202

 []

[23 <./images/waiting.png>]) (./multicore.tex
<images/m5_arch.drawio(1).png, id=647, 480.79625pt x 502.87875pt>
File: images/m5_arch.drawio(1).png Graphic file (type png)
<use images/m5_arch.drawio(1).png>
Package pdftex.def Info: images/m5_arch.drawio(1).png  used on input line 23.
(pdftex.def)             Requested size: 212.03017pt x 221.77377pt.
LaTeX Font Info:    Font shape `T1/cmtt/bx/n' in size <9> not available
(Font)              Font shape `T1/cmtt/m/n' tried instead on input line 34.
 [24

 <./images/m5_arch.drawio(1).png>] [25]) [26] (./urpc.tex
Underfull \hbox (badness 10000) in paragraph at lines 1--6

 []


LaTeX Warning: Hyper reference `sec:shell_extension' on page 27 undefined on input line 13.

<images/m6.png, id=694, 834.11626pt x 362.35374pt>
File: images/m6.png Graphic file (type png)
<use images/m6.png>
Package pdftex.def Info: images/m6.png  used on input line 19.
(pdftex.def)             Requested size: 424.06033pt x 184.22293pt.
[27

 <./images/m6.png>]
Underfull \hbox (badness 10000) in paragraph at lines 36--76

 []


Underfull \hbox (badness 10000) in paragraph at lines 36--76

 []


Underfull \hbox (badness 10000) in paragraph at lines 36--76

 []

[28]
Underfull \hbox (badness 10000) in paragraph at lines 112--120

 []


Overfull \hbox (43.6779pt too wide) in paragraph at lines 112--120
\T1/cmr/m/n/10 (-20) When init re-ceives an LMP re-quest, it de-ter-mines the tar-get core. For []\T1/cmtt/m/n/10 aos_rpc_proc_spawn_with_cmdline()[]\T1/cmr/m/n/10 (-20) ,
 []

[29]
<experiments/m6_contention/penbding_replies_size.png, id=727, 722.7pt x 361.35pt>
File: experiments/m6_contention/penbding_replies_size.png Graphic file (type png)
<use experiments/m6_contention/penbding_replies_size.png>
Package pdftex.def Info: experiments/m6_contention/penbding_replies_size.png  used on input line 164.
(pdftex.def)             Requested size: 424.06033pt x 212.03125pt.

Overfull \hbox (0.87259pt too wide) in paragraph at lines 170--182
\T1/cmr/m/n/10 (-20) The re-sults are ex-actly as ex-pected, per-for-mance scales lin-early for each ad-di-tional []\T1/cmtt/m/n/10 pending_replies[]
 []


Underfull \hbox (badness 10000) in paragraph at lines 170--182

 []

[30 <./experiments/m6_contention/penbding_replies_size.png>]) (./shell.tex [31]
Underfull \hbox (badness 10000) in paragraph at lines 1--5

 []

[32

]
Overfull \hbox (2.84293pt too wide) in paragraph at lines 84--91
\T1/cmr/m/n/10 (-20) When a pro-cess calls []\T1/cmtt/m/n/10 aos_rpc_serial_getchar[]\T1/cmr/m/n/10 (-20) , []\T1/cmtt/m/n/10 init[] \T1/cmr/m/n/10 (-20) re-ceives the LMP mes-sage in []\T1/cmtt/m/n/10 handle_getchar[]
 []

[33] [34]) [35] (./shell_appendix.tex [36] [37

]
Overfull \hbox (1.1553pt too wide) in paragraph at lines 98--102
\T1/cmr/m/n/10 (-20) tured and printed atom-i-cally when the task com-pletes, fol-lowed by []\T1/cmtt/m/n/10 [N] done\tabularnewline
 []

) (./ai.tex [38]) [39

] (./main.aux)
 ***********
LaTeX2e <2025-11-01>
L3 programming layer <2026-01-19>
 ***********


LaTeX Warning: There were undefined references.

Package rerunfilecheck Info: File `main.out' has not changed.
(rerunfilecheck)             Checksum: FC058AFFFC9BA2D0B809CCBB185F1CC4;15999.
 ) 
Here is how much of TeX's memory you used:
 16192 strings out of 467525
 245991 string characters out of 5418982
 1067997 words of memory out of 5000000
 44399 multiletter control sequences out of 15000+600000
 650432 words of font info for 170 fonts, out of 8000000 for 9000
 1141 hyphenation exceptions out of 8191
 75i,7n,79p,1051b,2071s stack positions out of 10000i,1000n,20000p,200000b,200000s
</usr/local/texlive/2026/texmf-dist/fonts/type1/public/cm-super/sfbx1000.pfb></usr/local/texlive/2026/texmf-dist/fonts/type1/public/cm-super/sfbx1200.pfb></usr/local/texlive/2026/texmf-dist/fonts/type1/public/cm-super/sfbx1440.pfb></usr/local/texlive/2026/texmf-dist/fonts/type1/public/cm-super/sfbx2488.pfb></usr/local/texlive/2026/texmf-dist/fonts/type1/public/cm-super/sfit0900.pfb></usr/local/texlive/2026/texmf-dist/fonts/type1/public/cm-super/sfrm0700.pfb></usr/local/texlive/2026/texmf-dist/fonts/type1/public/cm-super/sfrm1000.pfb></usr/local/texlive/2026/texmf-dist/fonts/type1/public/cm-super/sfrm1200.pfb></usr/local/texlive/2026/texmf-dist/fonts/type1/public/cm-super/sfrm1728.pfb></usr/local/texlive/2026/texmf-dist/fonts/type1/public/cm-super/sfti1000.pfb></usr/local/texlive/2026/texmf-dist/fonts/type1/public/cm-super/sftt0900.pfb></usr/local/texlive/2026/texmf-dist/fonts/type1/public/cm-super/sftt1000.pfb></usr/local/texlive/2026/texmf-dist/fonts/type1/public/cm-super/sftt1200.pfb>
Output written on main.pdf (40 pages, 1083822 bytes).
PDF statistics:
 1009 PDF objects out of 1200 (max. 8388607)
 902 compressed objects within 10 object streams
 312 named destinations out of 1000 (max. 500000)
 41767 words of extra memory for PDF output out of 42996 (max. 10000000)

